12345678
90      
---     
12345678
90123456
7890    