Item 1     of 10   . (10 %) #####
ITEM 1
Item 2     of 10   . (20 %) ##########
ITEM 2
Item 3     of 10   . (30 %) ###############
ITEM 3
Item 4     of 10   . (40 %) ####################
ITEM 4
